// Jest Snapshot v1, https://goo.gl/fbAQLP

exports[`AmountInput renders correctly 1`] = `
<div
  className="cssClass[numberInput] cssClass[filled] cssClass[withUnit]"
>
  <input
    autoComplete="off"
    className="cssClass[input]"
    onChange={[Function]}
    placeholder="0,00"
    title="-8 964 152,37"
    value="-8 964 152,37"
  />
  <div
    className="cssClass[unitBox]"
  >
    <span
      className="cssClass[unitText]"
    >
      RUB
    </span>
  </div>
</div>
`;
