// Jest Snapshot v1, https://goo.gl/fbAQLP

exports[`Input renders correctly 1`] = `
<input
  className="cssClass[input]"
  data-tx="10.0.0"
  onChange={[MockFunction]}
  value="default-value"
/>
`;
