// Jest Snapshot v1, https://goo.gl/fbAQLP

exports[`Select should render correctly 1`] = `
<div
  className="cssClass[selectExtended] cssClass[select]"
  data-test-id="Select"
>
  <div
    aria-controls={0}
    aria-expanded={false}
    aria-haspopup="listbox"
    className="cssClass[selectExtendedTarget] cssClass[selectTarget]"
    data-test-id="Select__target"
    onClick={[Function]}
    onKeyDown={[Function]}
    role="combobox"
    tabIndex={0}
  >
    <div
      className="cssClass[label]"
      data-test-id="Select__target__selected_text"
    >
      Первый
    </div>
    <svg
      className="cssClass[caretIcon] hoverable"
    />
  </div>
</div>
`;
