// Jest Snapshot v1, https://goo.gl/fbAQLP

exports[`NumberBaseInput renders correctly 1`] = `
<input
  autoComplete="off"
  className="cssClass[input]"
  onChange={[Function]}
  placeholder="0,00"
  title="-8 964 152,37"
  value="-8 964 152,37"
/>
`;
