// Jest Snapshot v1, https://goo.gl/fbAQLP

exports[`AmountBaseInput renders correctly 1`] = `
<input
  autoComplete="off"
  className="cssClass[input]"
  onChange={[Function]}
  onKeyDown={[Function]}
  onSelect={[Function]}
  placeholder="0,00"
  value="1 234 567 890,00"
/>
`;
