// Jest Snapshot v1, https://goo.gl/fbAQLP

exports[`Body renders correctly 1`] = `
<div
  className="cssClass[body] cssClass[withWhiteBackground]"
>
  <div
    className="cssClass[bodyInner]"
  >
    Text
  </div>
</div>
`;
