// Jest Snapshot v1, https://goo.gl/fbAQLP

exports[`AmountCurrencySelect renders correctly 1`] = `
<div
  className="cssClass[amountCurrencySelect]"
>
  <input
    autoComplete="off"
    className="cssClass[input]"
    onChange={[Function]}
    placeholder="0,00"
    title="-8 964 152,37"
    value="-8 964 152,37"
  />
  <div
    className="cssClass[selectExtended] cssClass[currencySelectExtended]"
  >
    <div
      aria-controls={0}
      aria-expanded={false}
      aria-haspopup="listbox"
      className="cssClass[selectExtendedTarget] cssClass[currencySelectExtendedTarget]"
      onClick={[Function]}
      onKeyDown={[Function]}
      role="combobox"
      tabIndex={0}
    >
      <div
        className="cssClass[label]"
      >
        RUB
      </div>
      <svg
        className="cssClass[caretIcon] hoverable"
      />
    </div>
  </div>
</div>
`;
