// Jest Snapshot v1, https://goo.gl/fbAQLP

exports[`Footer renders correctly 1`] = `
<div
  className="cssClass[footer]"
>
  <div
    className="cssClass[footerDescription]"
  >
    <div
      className="cssClass[footerDescriptionContent]"
    >
      Text
    </div>
    <div
      className="cssClass[footerDescriptionControls]"
    >
      Controls
    </div>
  </div>
</div>
`;
