// Jest Snapshot v1, https://goo.gl/fbAQLP

exports[`Calendar render disabled days 1`] = `
<div
  className="cssClass[globalCalendar]"
>
  <div
    className="cssClass[calendarHeader]"
  >
    <button
      className="cssClass[buttonIcon] cssClass[circle] hoverable"
      onBlur={[Function]}
      onClick={[Function]}
      onFocus={[Function]}
      onMouseDown={[Function]}
      type="button"
    >
      <svg />
    </button>
    <div
      className="cssClass[calendarHeaderDate]"
    >
      <a
        className="cssClass[link] hoverable cssClass[lg] cssClass[text] cssClass[focusVisible]"
        onBlur={[Function]}
        onClick={[Function]}
        onMouseDown={[Function]}
        role="link"
        tabIndex={0}
      >
        January 2021
      </a>
    </div>
    <button
      className="cssClass[buttonIcon] cssClass[circle] hoverable"
      onBlur={[Function]}
      onClick={[Function]}
      onFocus={[Function]}
      onMouseDown={[Function]}
      type="button"
    >
      <svg />
    </button>
  </div>
  <table
    className="cssClass[calendarMonthTable]"
  >
    <thead>
      <tr
        className="cssClass[calendarWeekRow]"
      >
        <td
          className="cssClass[calendarWeekCell]"
        >
          Sun
        </td>
        <td
          className="cssClass[calendarWeekCell]"
        >
          Mon
        </td>
        <td
          className="cssClass[calendarWeekCell]"
        >
          Tue
        </td>
        <td
          className="cssClass[calendarWeekCell]"
        >
          Wed
        </td>
        <td
          className="cssClass[calendarWeekCell]"
        >
          Thu
        </td>
        <td
          className="cssClass[calendarWeekCell]"
        >
          Fri
        </td>
        <td
          className="cssClass[calendarWeekCell]"
        >
          Sat
        </td>
      </tr>
    </thead>
    <tbody>
      <tr
        className="cssClass[calendarWeekRow]"
      >
        <td
          className="cssClass[calendarDayWrapper]"
        >
          <div
            className="cssClass[calendarDay] cssClass[calendarDayMuted] cssClass[calendarTableItem]"
            onClick={[Function]}
          >
            27
          </div>
        </td>
        <td
          className="cssClass[calendarDayWrapper]"
        >
          <div
            className="cssClass[calendarDay] cssClass[calendarDayMuted] cssClass[calendarTableItem]"
            onClick={[Function]}
          >
            28
          </div>
        </td>
        <td
          className="cssClass[calendarDayWrapper]"
        >
          <div
            className="cssClass[calendarDay] cssClass[calendarDayMuted] cssClass[calendarTableItem]"
            onClick={[Function]}
          >
            29
          </div>
        </td>
        <td
          className="cssClass[calendarDayWrapper]"
        >
          <div
            className="cssClass[calendarDay] cssClass[calendarDayMuted] cssClass[calendarTableItem]"
            onClick={[Function]}
          >
            30
          </div>
        </td>
        <td
          className="cssClass[calendarDayWrapper]"
        >
          <div
            className="cssClass[calendarDay] cssClass[calendarDayMuted] cssClass[calendarTableItem]"
            onClick={[Function]}
          >
            31
          </div>
        </td>
        <td
          className="cssClass[calendarDayWrapper]"
        >
          <div
            className="cssClass[calendarDay] cssClass[calendarTableItem] cssClass[calendarTableItemActive]"
            onClick={[Function]}
          >
            1
          </div>
        </td>
        <td
          className="cssClass[calendarDayWrapper]"
        >
          <div
            className="cssClass[calendarDay] cssClass[calendarTableItem] cssClass[calendarTableItemDisabled]"
          >
            2
          </div>
        </td>
      </tr>
      <tr
        className="cssClass[calendarWeekRow]"
      >
        <td
          className="cssClass[calendarDayWrapper]"
        >
          <div
            className="cssClass[calendarDay] cssClass[calendarTableItem] cssClass[calendarTableItemDisabled]"
          >
            3
          </div>
        </td>
        <td
          className="cssClass[calendarDayWrapper]"
        >
          <div
            className="cssClass[calendarDay] cssClass[calendarTableItem] cssClass[calendarTableItemDisabled]"
          >
            4
          </div>
        </td>
        <td
          className="cssClass[calendarDayWrapper]"
        >
          <div
            className="cssClass[calendarDay] cssClass[calendarTableItem]"
            onClick={[Function]}
          >
            5
          </div>
        </td>
        <td
          className="cssClass[calendarDayWrapper]"
        >
          <div
            className="cssClass[calendarDay] cssClass[calendarTableItem]"
            onClick={[Function]}
          >
            6
          </div>
        </td>
        <td
          className="cssClass[calendarDayWrapper]"
        >
          <div
            className="cssClass[calendarDay] cssClass[calendarTableItem]"
            onClick={[Function]}
          >
            7
          </div>
        </td>
        <td
          className="cssClass[calendarDayWrapper]"
        >
          <div
            className="cssClass[calendarDay] cssClass[calendarTableItem]"
            onClick={[Function]}
          >
            8
          </div>
        </td>
        <td
          className="cssClass[calendarDayWrapper]"
        >
          <div
            className="cssClass[calendarDay] cssClass[calendarTableItem]"
            onClick={[Function]}
          >
            9
          </div>
        </td>
      </tr>
      <tr
        className="cssClass[calendarWeekRow]"
      >
        <td
          className="cssClass[calendarDayWrapper]"
        >
          <div
            className="cssClass[calendarDay] cssClass[calendarTableItem]"
            onClick={[Function]}
          >
            10
          </div>
        </td>
        <td
          className="cssClass[calendarDayWrapper]"
        >
          <div
            className="cssClass[calendarDay] cssClass[calendarTableItem]"
            onClick={[Function]}
          >
            11
          </div>
        </td>
        <td
          className="cssClass[calendarDayWrapper]"
        >
          <div
            className="cssClass[calendarDay] cssClass[calendarTableItem]"
            onClick={[Function]}
          >
            12
          </div>
        </td>
        <td
          className="cssClass[calendarDayWrapper]"
        >
          <div
            className="cssClass[calendarDay] cssClass[calendarTableItem]"
            onClick={[Function]}
          >
            13
          </div>
        </td>
        <td
          className="cssClass[calendarDayWrapper]"
        >
          <div
            className="cssClass[calendarDay] cssClass[calendarTableItem]"
            onClick={[Function]}
          >
            14
          </div>
        </td>
        <td
          className="cssClass[calendarDayWrapper]"
        >
          <div
            className="cssClass[calendarDay] cssClass[calendarTableItem]"
            onClick={[Function]}
          >
            15
          </div>
        </td>
        <td
          className="cssClass[calendarDayWrapper]"
        >
          <div
            className="cssClass[calendarDay] cssClass[calendarTableItem]"
            onClick={[Function]}
          >
            16
          </div>
        </td>
      </tr>
      <tr
        className="cssClass[calendarWeekRow]"
      >
        <td
          className="cssClass[calendarDayWrapper]"
        >
          <div
            className="cssClass[calendarDay] cssClass[calendarTableItem]"
            onClick={[Function]}
          >
            17
          </div>
        </td>
        <td
          className="cssClass[calendarDayWrapper]"
        >
          <div
            className="cssClass[calendarDay] cssClass[calendarTableItem]"
            onClick={[Function]}
          >
            18
          </div>
        </td>
        <td
          className="cssClass[calendarDayWrapper]"
        >
          <div
            className="cssClass[calendarDay] cssClass[calendarTableItem]"
            onClick={[Function]}
          >
            19
          </div>
        </td>
        <td
          className="cssClass[calendarDayWrapper]"
        >
          <div
            className="cssClass[calendarDay] cssClass[calendarTableItem]"
            onClick={[Function]}
          >
            20
          </div>
        </td>
        <td
          className="cssClass[calendarDayWrapper]"
        >
          <div
            className="cssClass[calendarDay] cssClass[calendarTableItem]"
            onClick={[Function]}
          >
            21
          </div>
        </td>
        <td
          className="cssClass[calendarDayWrapper]"
        >
          <div
            className="cssClass[calendarDay] cssClass[calendarTableItem]"
            onClick={[Function]}
          >
            22
          </div>
        </td>
        <td
          className="cssClass[calendarDayWrapper]"
        >
          <div
            className="cssClass[calendarDay] cssClass[calendarTableItem]"
            onClick={[Function]}
          >
            23
          </div>
        </td>
      </tr>
      <tr
        className="cssClass[calendarWeekRow]"
      >
        <td
          className="cssClass[calendarDayWrapper]"
        >
          <div
            className="cssClass[calendarDay] cssClass[calendarTableItem]"
            onClick={[Function]}
          >
            24
          </div>
        </td>
        <td
          className="cssClass[calendarDayWrapper]"
        >
          <div
            className="cssClass[calendarDay] cssClass[calendarTableItem]"
            onClick={[Function]}
          >
            25
          </div>
        </td>
        <td
          className="cssClass[calendarDayWrapper]"
        >
          <div
            className="cssClass[calendarDay] cssClass[calendarTableItem]"
            onClick={[Function]}
          >
            26
          </div>
        </td>
        <td
          className="cssClass[calendarDayWrapper]"
        >
          <div
            className="cssClass[calendarDay] cssClass[calendarTableItem]"
            onClick={[Function]}
          >
            27
          </div>
        </td>
        <td
          className="cssClass[calendarDayWrapper]"
        >
          <div
            className="cssClass[calendarDay] cssClass[calendarTableItem]"
            onClick={[Function]}
          >
            28
          </div>
        </td>
        <td
          className="cssClass[calendarDayWrapper]"
        >
          <div
            className="cssClass[calendarDay] cssClass[calendarTableItem]"
            onClick={[Function]}
          >
            29
          </div>
        </td>
        <td
          className="cssClass[calendarDayWrapper]"
        >
          <div
            className="cssClass[calendarDay] cssClass[calendarTableItem]"
            onClick={[Function]}
          >
            30
          </div>
        </td>
      </tr>
      <tr
        className="cssClass[calendarWeekRow]"
      >
        <td
          className="cssClass[calendarDayWrapper]"
        >
          <div
            className="cssClass[calendarDay] cssClass[calendarTableItem]"
            onClick={[Function]}
          >
            31
          </div>
        </td>
        <td
          className="cssClass[calendarDayWrapper]"
        >
          <div
            className="cssClass[calendarDay] cssClass[calendarDayMuted] cssClass[calendarTableItem]"
            onClick={[Function]}
          >
            1
          </div>
        </td>
        <td
          className="cssClass[calendarDayWrapper]"
        >
          <div
            className="cssClass[calendarDay] cssClass[calendarDayMuted] cssClass[calendarTableItem]"
            onClick={[Function]}
          >
            2
          </div>
        </td>
        <td
          className="cssClass[calendarDayWrapper]"
        >
          <div
            className="cssClass[calendarDay] cssClass[calendarDayMuted] cssClass[calendarTableItem]"
            onClick={[Function]}
          >
            3
          </div>
        </td>
        <td
          className="cssClass[calendarDayWrapper]"
        >
          <div
            className="cssClass[calendarDay] cssClass[calendarDayMuted] cssClass[calendarTableItem]"
            onClick={[Function]}
          >
            4
          </div>
        </td>
        <td
          className="cssClass[calendarDayWrapper]"
        >
          <div
            className="cssClass[calendarDay] cssClass[calendarDayMuted] cssClass[calendarTableItem]"
            onClick={[Function]}
          >
            5
          </div>
        </td>
        <td
          className="cssClass[calendarDayWrapper]"
        >
          <div
            className="cssClass[calendarDay] cssClass[calendarDayMuted] cssClass[calendarTableItem]"
            onClick={[Function]}
          >
            6
          </div>
        </td>
      </tr>
    </tbody>
  </table>
</div>
`;

exports[`Calendar render marked days 1`] = `
<div
  className="cssClass[globalCalendar]"
>
  <div
    className="cssClass[calendarHeader]"
  >
    <button
      className="cssClass[buttonIcon] cssClass[circle] hoverable"
      onBlur={[Function]}
      onClick={[Function]}
      onFocus={[Function]}
      onMouseDown={[Function]}
      type="button"
    >
      <svg />
    </button>
    <div
      className="cssClass[calendarHeaderDate]"
    >
      <a
        className="cssClass[link] hoverable cssClass[lg] cssClass[text] cssClass[focusVisible]"
        onBlur={[Function]}
        onClick={[Function]}
        onMouseDown={[Function]}
        role="link"
        tabIndex={0}
      >
        January 2021
      </a>
    </div>
    <button
      className="cssClass[buttonIcon] cssClass[circle] hoverable"
      onBlur={[Function]}
      onClick={[Function]}
      onFocus={[Function]}
      onMouseDown={[Function]}
      type="button"
    >
      <svg />
    </button>
  </div>
  <table
    className="cssClass[calendarMonthTable]"
  >
    <thead>
      <tr
        className="cssClass[calendarWeekRow]"
      >
        <td
          className="cssClass[calendarWeekCell]"
        >
          Sun
        </td>
        <td
          className="cssClass[calendarWeekCell]"
        >
          Mon
        </td>
        <td
          className="cssClass[calendarWeekCell]"
        >
          Tue
        </td>
        <td
          className="cssClass[calendarWeekCell]"
        >
          Wed
        </td>
        <td
          className="cssClass[calendarWeekCell]"
        >
          Thu
        </td>
        <td
          className="cssClass[calendarWeekCell]"
        >
          Fri
        </td>
        <td
          className="cssClass[calendarWeekCell]"
        >
          Sat
        </td>
      </tr>
    </thead>
    <tbody>
      <tr
        className="cssClass[calendarWeekRow]"
      >
        <td
          className="cssClass[calendarDayWrapper]"
        >
          <div
            className="cssClass[calendarDay] cssClass[calendarDayMuted] cssClass[calendarTableItem]"
            onClick={[Function]}
          >
            27
          </div>
        </td>
        <td
          className="cssClass[calendarDayWrapper]"
        >
          <div
            className="cssClass[calendarDay] cssClass[calendarDayMuted] cssClass[calendarTableItem]"
            onClick={[Function]}
          >
            28
          </div>
        </td>
        <td
          className="cssClass[calendarDayWrapper]"
        >
          <div
            className="cssClass[calendarDay] cssClass[calendarDayMuted] cssClass[calendarTableItem]"
            onClick={[Function]}
          >
            29
          </div>
        </td>
        <td
          className="cssClass[calendarDayWrapper]"
        >
          <div
            className="cssClass[calendarDay] cssClass[calendarDayMuted] cssClass[calendarTableItem]"
            onClick={[Function]}
          >
            30
          </div>
        </td>
        <td
          className="cssClass[calendarDayWrapper]"
        >
          <div
            className="cssClass[calendarDay] cssClass[calendarDayMuted] cssClass[calendarTableItem]"
            onClick={[Function]}
          >
            31
          </div>
        </td>
        <td
          className="cssClass[calendarDayWrapper]"
        >
          <div
            className="cssClass[calendarDay] cssClass[calendarTableItem] cssClass[calendarTableItemActive]"
            onClick={[Function]}
          >
            1
          </div>
        </td>
        <td
          className="cssClass[calendarDayWrapper]"
        >
          <div
            className="cssClass[calendarDay] cssClass[calendarTableItem]"
            onClick={[Function]}
          >
            2
          </div>
        </td>
      </tr>
      <tr
        className="cssClass[calendarWeekRow]"
      >
        <td
          className="cssClass[calendarDayWrapper]"
        >
          <div
            className="cssClass[calendarDay] cssClass[calendarTableItem]"
            onClick={[Function]}
          >
            3
          </div>
        </td>
        <td
          className="cssClass[calendarDayWrapper]"
        >
          <div
            className="cssClass[calendarDay] cssClass[calendarTableItem]"
            onClick={[Function]}
          >
            4
          </div>
        </td>
        <td
          className="cssClass[calendarDayWrapper]"
        >
          <div
            className="cssClass[calendarDay] cssClass[calendarDayMarked] cssClass[calendarTableItem]"
            onClick={[Function]}
          >
            5
          </div>
        </td>
        <td
          className="cssClass[calendarDayWrapper]"
        >
          <div
            className="cssClass[calendarDay] cssClass[calendarDayMarked] cssClass[calendarTableItem]"
            onClick={[Function]}
          >
            6
          </div>
        </td>
        <td
          className="cssClass[calendarDayWrapper]"
        >
          <div
            className="cssClass[calendarDay] cssClass[calendarDayMarked] cssClass[calendarTableItem]"
            onClick={[Function]}
          >
            7
          </div>
        </td>
        <td
          className="cssClass[calendarDayWrapper]"
        >
          <div
            className="cssClass[calendarDay] cssClass[calendarTableItem]"
            onClick={[Function]}
          >
            8
          </div>
        </td>
        <td
          className="cssClass[calendarDayWrapper]"
        >
          <div
            className="cssClass[calendarDay] cssClass[calendarTableItem]"
            onClick={[Function]}
          >
            9
          </div>
        </td>
      </tr>
      <tr
        className="cssClass[calendarWeekRow]"
      >
        <td
          className="cssClass[calendarDayWrapper]"
        >
          <div
            className="cssClass[calendarDay] cssClass[calendarTableItem]"
            onClick={[Function]}
          >
            10
          </div>
        </td>
        <td
          className="cssClass[calendarDayWrapper]"
        >
          <div
            className="cssClass[calendarDay] cssClass[calendarTableItem]"
            onClick={[Function]}
          >
            11
          </div>
        </td>
        <td
          className="cssClass[calendarDayWrapper]"
        >
          <div
            className="cssClass[calendarDay] cssClass[calendarTableItem]"
            onClick={[Function]}
          >
            12
          </div>
        </td>
        <td
          className="cssClass[calendarDayWrapper]"
        >
          <div
            className="cssClass[calendarDay] cssClass[calendarTableItem]"
            onClick={[Function]}
          >
            13
          </div>
        </td>
        <td
          className="cssClass[calendarDayWrapper]"
        >
          <div
            className="cssClass[calendarDay] cssClass[calendarTableItem]"
            onClick={[Function]}
          >
            14
          </div>
        </td>
        <td
          className="cssClass[calendarDayWrapper]"
        >
          <div
            className="cssClass[calendarDay] cssClass[calendarTableItem]"
            onClick={[Function]}
          >
            15
          </div>
        </td>
        <td
          className="cssClass[calendarDayWrapper]"
        >
          <div
            className="cssClass[calendarDay] cssClass[calendarTableItem]"
            onClick={[Function]}
          >
            16
          </div>
        </td>
      </tr>
      <tr
        className="cssClass[calendarWeekRow]"
      >
        <td
          className="cssClass[calendarDayWrapper]"
        >
          <div
            className="cssClass[calendarDay] cssClass[calendarTableItem]"
            onClick={[Function]}
          >
            17
          </div>
        </td>
        <td
          className="cssClass[calendarDayWrapper]"
        >
          <div
            className="cssClass[calendarDay] cssClass[calendarTableItem]"
            onClick={[Function]}
          >
            18
          </div>
        </td>
        <td
          className="cssClass[calendarDayWrapper]"
        >
          <div
            className="cssClass[calendarDay] cssClass[calendarTableItem]"
            onClick={[Function]}
          >
            19
          </div>
        </td>
        <td
          className="cssClass[calendarDayWrapper]"
        >
          <div
            className="cssClass[calendarDay] cssClass[calendarTableItem]"
            onClick={[Function]}
          >
            20
          </div>
        </td>
        <td
          className="cssClass[calendarDayWrapper]"
        >
          <div
            className="cssClass[calendarDay] cssClass[calendarTableItem]"
            onClick={[Function]}
          >
            21
          </div>
        </td>
        <td
          className="cssClass[calendarDayWrapper]"
        >
          <div
            className="cssClass[calendarDay] cssClass[calendarTableItem]"
            onClick={[Function]}
          >
            22
          </div>
        </td>
        <td
          className="cssClass[calendarDayWrapper]"
        >
          <div
            className="cssClass[calendarDay] cssClass[calendarTableItem]"
            onClick={[Function]}
          >
            23
          </div>
        </td>
      </tr>
      <tr
        className="cssClass[calendarWeekRow]"
      >
        <td
          className="cssClass[calendarDayWrapper]"
        >
          <div
            className="cssClass[calendarDay] cssClass[calendarTableItem]"
            onClick={[Function]}
          >
            24
          </div>
        </td>
        <td
          className="cssClass[calendarDayWrapper]"
        >
          <div
            className="cssClass[calendarDay] cssClass[calendarTableItem]"
            onClick={[Function]}
          >
            25
          </div>
        </td>
        <td
          className="cssClass[calendarDayWrapper]"
        >
          <div
            className="cssClass[calendarDay] cssClass[calendarTableItem]"
            onClick={[Function]}
          >
            26
          </div>
        </td>
        <td
          className="cssClass[calendarDayWrapper]"
        >
          <div
            className="cssClass[calendarDay] cssClass[calendarTableItem]"
            onClick={[Function]}
          >
            27
          </div>
        </td>
        <td
          className="cssClass[calendarDayWrapper]"
        >
          <div
            className="cssClass[calendarDay] cssClass[calendarTableItem]"
            onClick={[Function]}
          >
            28
          </div>
        </td>
        <td
          className="cssClass[calendarDayWrapper]"
        >
          <div
            className="cssClass[calendarDay] cssClass[calendarTableItem]"
            onClick={[Function]}
          >
            29
          </div>
        </td>
        <td
          className="cssClass[calendarDayWrapper]"
        >
          <div
            className="cssClass[calendarDay] cssClass[calendarTableItem]"
            onClick={[Function]}
          >
            30
          </div>
        </td>
      </tr>
      <tr
        className="cssClass[calendarWeekRow]"
      >
        <td
          className="cssClass[calendarDayWrapper]"
        >
          <div
            className="cssClass[calendarDay] cssClass[calendarTableItem]"
            onClick={[Function]}
          >
            31
          </div>
        </td>
        <td
          className="cssClass[calendarDayWrapper]"
        >
          <div
            className="cssClass[calendarDay] cssClass[calendarDayMuted] cssClass[calendarTableItem]"
            onClick={[Function]}
          >
            1
          </div>
        </td>
        <td
          className="cssClass[calendarDayWrapper]"
        >
          <div
            className="cssClass[calendarDay] cssClass[calendarDayMuted] cssClass[calendarTableItem]"
            onClick={[Function]}
          >
            2
          </div>
        </td>
        <td
          className="cssClass[calendarDayWrapper]"
        >
          <div
            className="cssClass[calendarDay] cssClass[calendarDayMuted] cssClass[calendarTableItem]"
            onClick={[Function]}
          >
            3
          </div>
        </td>
        <td
          className="cssClass[calendarDayWrapper]"
        >
          <div
            className="cssClass[calendarDay] cssClass[calendarDayMuted] cssClass[calendarTableItem]"
            onClick={[Function]}
          >
            4
          </div>
        </td>
        <td
          className="cssClass[calendarDayWrapper]"
        >
          <div
            className="cssClass[calendarDay] cssClass[calendarDayMuted] cssClass[calendarTableItem]"
            onClick={[Function]}
          >
            5
          </div>
        </td>
        <td
          className="cssClass[calendarDayWrapper]"
        >
          <div
            className="cssClass[calendarDay] cssClass[calendarDayMuted] cssClass[calendarTableItem]"
            onClick={[Function]}
          >
            6
          </div>
        </td>
      </tr>
    </tbody>
  </table>
</div>
`;

exports[`Calendar renders correctly 1`] = `
<div
  className="cssClass[globalCalendar]"
>
  <div
    className="cssClass[calendarHeader]"
  >
    <button
      className="cssClass[buttonIcon] cssClass[circle] hoverable"
      onBlur={[Function]}
      onClick={[Function]}
      onFocus={[Function]}
      onMouseDown={[Function]}
      type="button"
    >
      <svg />
    </button>
    <div
      className="cssClass[calendarHeaderDate]"
    >
      <a
        className="cssClass[link] hoverable cssClass[lg] cssClass[text] cssClass[focusVisible]"
        onBlur={[Function]}
        onClick={[Function]}
        onMouseDown={[Function]}
        role="link"
        tabIndex={0}
      >
        January 2021
      </a>
    </div>
    <button
      className="cssClass[buttonIcon] cssClass[circle] hoverable"
      onBlur={[Function]}
      onClick={[Function]}
      onFocus={[Function]}
      onMouseDown={[Function]}
      type="button"
    >
      <svg />
    </button>
  </div>
  <table
    className="cssClass[calendarMonthTable]"
  >
    <thead>
      <tr
        className="cssClass[calendarWeekRow]"
      >
        <td
          className="cssClass[calendarWeekCell]"
        >
          Sun
        </td>
        <td
          className="cssClass[calendarWeekCell]"
        >
          Mon
        </td>
        <td
          className="cssClass[calendarWeekCell]"
        >
          Tue
        </td>
        <td
          className="cssClass[calendarWeekCell]"
        >
          Wed
        </td>
        <td
          className="cssClass[calendarWeekCell]"
        >
          Thu
        </td>
        <td
          className="cssClass[calendarWeekCell]"
        >
          Fri
        </td>
        <td
          className="cssClass[calendarWeekCell]"
        >
          Sat
        </td>
      </tr>
    </thead>
    <tbody>
      <tr
        className="cssClass[calendarWeekRow]"
      >
        <td
          className="cssClass[calendarDayWrapper]"
        >
          <div
            className="cssClass[calendarDay] cssClass[calendarDayMuted] cssClass[calendarTableItem]"
            onClick={[Function]}
          >
            27
          </div>
        </td>
        <td
          className="cssClass[calendarDayWrapper]"
        >
          <div
            className="cssClass[calendarDay] cssClass[calendarDayMuted] cssClass[calendarTableItem]"
            onClick={[Function]}
          >
            28
          </div>
        </td>
        <td
          className="cssClass[calendarDayWrapper]"
        >
          <div
            className="cssClass[calendarDay] cssClass[calendarDayMuted] cssClass[calendarTableItem]"
            onClick={[Function]}
          >
            29
          </div>
        </td>
        <td
          className="cssClass[calendarDayWrapper]"
        >
          <div
            className="cssClass[calendarDay] cssClass[calendarDayMuted] cssClass[calendarTableItem]"
            onClick={[Function]}
          >
            30
          </div>
        </td>
        <td
          className="cssClass[calendarDayWrapper]"
        >
          <div
            className="cssClass[calendarDay] cssClass[calendarDayMuted] cssClass[calendarTableItem]"
            onClick={[Function]}
          >
            31
          </div>
        </td>
        <td
          className="cssClass[calendarDayWrapper]"
        >
          <div
            className="cssClass[calendarDay] cssClass[calendarTableItem] cssClass[calendarTableItemActive]"
            onClick={[Function]}
          >
            1
          </div>
        </td>
        <td
          className="cssClass[calendarDayWrapper]"
        >
          <div
            className="cssClass[calendarDay] cssClass[calendarTableItem]"
            onClick={[Function]}
          >
            2
          </div>
        </td>
      </tr>
      <tr
        className="cssClass[calendarWeekRow]"
      >
        <td
          className="cssClass[calendarDayWrapper]"
        >
          <div
            className="cssClass[calendarDay] cssClass[calendarTableItem]"
            onClick={[Function]}
          >
            3
          </div>
        </td>
        <td
          className="cssClass[calendarDayWrapper]"
        >
          <div
            className="cssClass[calendarDay] cssClass[calendarTableItem]"
            onClick={[Function]}
          >
            4
          </div>
        </td>
        <td
          className="cssClass[calendarDayWrapper]"
        >
          <div
            className="cssClass[calendarDay] cssClass[calendarTableItem]"
            onClick={[Function]}
          >
            5
          </div>
        </td>
        <td
          className="cssClass[calendarDayWrapper]"
        >
          <div
            className="cssClass[calendarDay] cssClass[calendarTableItem]"
            onClick={[Function]}
          >
            6
          </div>
        </td>
        <td
          className="cssClass[calendarDayWrapper]"
        >
          <div
            className="cssClass[calendarDay] cssClass[calendarTableItem]"
            onClick={[Function]}
          >
            7
          </div>
        </td>
        <td
          className="cssClass[calendarDayWrapper]"
        >
          <div
            className="cssClass[calendarDay] cssClass[calendarTableItem]"
            onClick={[Function]}
          >
            8
          </div>
        </td>
        <td
          className="cssClass[calendarDayWrapper]"
        >
          <div
            className="cssClass[calendarDay] cssClass[calendarTableItem]"
            onClick={[Function]}
          >
            9
          </div>
        </td>
      </tr>
      <tr
        className="cssClass[calendarWeekRow]"
      >
        <td
          className="cssClass[calendarDayWrapper]"
        >
          <div
            className="cssClass[calendarDay] cssClass[calendarTableItem]"
            onClick={[Function]}
          >
            10
          </div>
        </td>
        <td
          className="cssClass[calendarDayWrapper]"
        >
          <div
            className="cssClass[calendarDay] cssClass[calendarTableItem]"
            onClick={[Function]}
          >
            11
          </div>
        </td>
        <td
          className="cssClass[calendarDayWrapper]"
        >
          <div
            className="cssClass[calendarDay] cssClass[calendarTableItem]"
            onClick={[Function]}
          >
            12
          </div>
        </td>
        <td
          className="cssClass[calendarDayWrapper]"
        >
          <div
            className="cssClass[calendarDay] cssClass[calendarTableItem]"
            onClick={[Function]}
          >
            13
          </div>
        </td>
        <td
          className="cssClass[calendarDayWrapper]"
        >
          <div
            className="cssClass[calendarDay] cssClass[calendarTableItem]"
            onClick={[Function]}
          >
            14
          </div>
        </td>
        <td
          className="cssClass[calendarDayWrapper]"
        >
          <div
            className="cssClass[calendarDay] cssClass[calendarTableItem]"
            onClick={[Function]}
          >
            15
          </div>
        </td>
        <td
          className="cssClass[calendarDayWrapper]"
        >
          <div
            className="cssClass[calendarDay] cssClass[calendarTableItem]"
            onClick={[Function]}
          >
            16
          </div>
        </td>
      </tr>
      <tr
        className="cssClass[calendarWeekRow]"
      >
        <td
          className="cssClass[calendarDayWrapper]"
        >
          <div
            className="cssClass[calendarDay] cssClass[calendarTableItem]"
            onClick={[Function]}
          >
            17
          </div>
        </td>
        <td
          className="cssClass[calendarDayWrapper]"
        >
          <div
            className="cssClass[calendarDay] cssClass[calendarTableItem]"
            onClick={[Function]}
          >
            18
          </div>
        </td>
        <td
          className="cssClass[calendarDayWrapper]"
        >
          <div
            className="cssClass[calendarDay] cssClass[calendarTableItem]"
            onClick={[Function]}
          >
            19
          </div>
        </td>
        <td
          className="cssClass[calendarDayWrapper]"
        >
          <div
            className="cssClass[calendarDay] cssClass[calendarTableItem]"
            onClick={[Function]}
          >
            20
          </div>
        </td>
        <td
          className="cssClass[calendarDayWrapper]"
        >
          <div
            className="cssClass[calendarDay] cssClass[calendarTableItem]"
            onClick={[Function]}
          >
            21
          </div>
        </td>
        <td
          className="cssClass[calendarDayWrapper]"
        >
          <div
            className="cssClass[calendarDay] cssClass[calendarTableItem]"
            onClick={[Function]}
          >
            22
          </div>
        </td>
        <td
          className="cssClass[calendarDayWrapper]"
        >
          <div
            className="cssClass[calendarDay] cssClass[calendarTableItem]"
            onClick={[Function]}
          >
            23
          </div>
        </td>
      </tr>
      <tr
        className="cssClass[calendarWeekRow]"
      >
        <td
          className="cssClass[calendarDayWrapper]"
        >
          <div
            className="cssClass[calendarDay] cssClass[calendarTableItem]"
            onClick={[Function]}
          >
            24
          </div>
        </td>
        <td
          className="cssClass[calendarDayWrapper]"
        >
          <div
            className="cssClass[calendarDay] cssClass[calendarTableItem]"
            onClick={[Function]}
          >
            25
          </div>
        </td>
        <td
          className="cssClass[calendarDayWrapper]"
        >
          <div
            className="cssClass[calendarDay] cssClass[calendarTableItem]"
            onClick={[Function]}
          >
            26
          </div>
        </td>
        <td
          className="cssClass[calendarDayWrapper]"
        >
          <div
            className="cssClass[calendarDay] cssClass[calendarTableItem]"
            onClick={[Function]}
          >
            27
          </div>
        </td>
        <td
          className="cssClass[calendarDayWrapper]"
        >
          <div
            className="cssClass[calendarDay] cssClass[calendarTableItem]"
            onClick={[Function]}
          >
            28
          </div>
        </td>
        <td
          className="cssClass[calendarDayWrapper]"
        >
          <div
            className="cssClass[calendarDay] cssClass[calendarTableItem]"
            onClick={[Function]}
          >
            29
          </div>
        </td>
        <td
          className="cssClass[calendarDayWrapper]"
        >
          <div
            className="cssClass[calendarDay] cssClass[calendarTableItem]"
            onClick={[Function]}
          >
            30
          </div>
        </td>
      </tr>
      <tr
        className="cssClass[calendarWeekRow]"
      >
        <td
          className="cssClass[calendarDayWrapper]"
        >
          <div
            className="cssClass[calendarDay] cssClass[calendarTableItem]"
            onClick={[Function]}
          >
            31
          </div>
        </td>
        <td
          className="cssClass[calendarDayWrapper]"
        >
          <div
            className="cssClass[calendarDay] cssClass[calendarDayMuted] cssClass[calendarTableItem]"
            onClick={[Function]}
          >
            1
          </div>
        </td>
        <td
          className="cssClass[calendarDayWrapper]"
        >
          <div
            className="cssClass[calendarDay] cssClass[calendarDayMuted] cssClass[calendarTableItem]"
            onClick={[Function]}
          >
            2
          </div>
        </td>
        <td
          className="cssClass[calendarDayWrapper]"
        >
          <div
            className="cssClass[calendarDay] cssClass[calendarDayMuted] cssClass[calendarTableItem]"
            onClick={[Function]}
          >
            3
          </div>
        </td>
        <td
          className="cssClass[calendarDayWrapper]"
        >
          <div
            className="cssClass[calendarDay] cssClass[calendarDayMuted] cssClass[calendarTableItem]"
            onClick={[Function]}
          >
            4
          </div>
        </td>
        <td
          className="cssClass[calendarDayWrapper]"
        >
          <div
            className="cssClass[calendarDay] cssClass[calendarDayMuted] cssClass[calendarTableItem]"
            onClick={[Function]}
          >
            5
          </div>
        </td>
        <td
          className="cssClass[calendarDayWrapper]"
        >
          <div
            className="cssClass[calendarDay] cssClass[calendarDayMuted] cssClass[calendarTableItem]"
            onClick={[Function]}
          >
            6
          </div>
        </td>
      </tr>
    </tbody>
  </table>
</div>
`;
